// Vitest Snapshot v1, https://vitest.dev/guide/snapshot.html

exports[`NotFound page renders correctly 1`] = `
<div>
  <div
    class="min-h-screen bg-background flex flex-col items-center justify-center text-center px-4"
  >
    <h1
      class="text-9xl font-bold text-primary opacity-20"
    >
      404
    </h1>
    <h2
      class="text-4xl font-bold text-text-light mt-4 mb-6"
    >
      Page Not Found
    </h2>
    <p
      class="text-text/80 text-lg mb-10 max-w-md"
    >
      Oops! The page you're looking for doesn't exist or has been moved.
    </p>
    <a
      class="px-8 py-3 bg-primary hover:bg-primary/90 text-white rounded-full font-medium transition-all flex items-center gap-2 group"
      href="/"
    >
      <svg
        aria-hidden="true"
        class="lucide lucide-house"
        fill="none"
        height="18"
        stroke="currentColor"
        stroke-linecap="round"
        stroke-linejoin="round"
        stroke-width="2"
        viewBox="0 0 24 24"
        width="18"
        xmlns="http://www.w3.org/2000/svg"
      >
        <path
          d="M15 21v-8a1 1 0 0 0-1-1h-4a1 1 0 0 0-1 1v8"
        />
        <path
          d="M3 10a2 2 0 0 1 .709-1.528l7-6a2 2 0 0 1 2.582 0l7 6A2 2 0 0 1 21 10v9a2 2 0 0 1-2 2H5a2 2 0 0 1-2-2z"
        />
      </svg>
      Back to Home
    </a>
  </div>
</div>
`;
